Running suite scommand
test_scommand.c:20:P:Precondition:test_destroy_null:0: Passed
test_scommand.c:27:P:Precondition:test_push_back_null:0: Passed
test_scommand.c:33:P:Precondition:test_push_back_argument_null:0: Passed
test_scommand.c:41:P:Precondition:test_pop_front_null:0: Passed
test_scommand.c:47:P:Precondition:test_pop_front_empty:0: Passed
test_scommand.c:55:P:Precondition:test_set_redir_in_null:0: Passed
test_scommand.c:61:P:Precondition:test_set_redir_out_null:0: Passed
test_scommand.c:67:P:Precondition:test_is_empty_null:0: Passed
test_scommand.c:73:P:Precondition:test_length_null:0: Passed
test_scommand.c:79:P:Precondition:test_front_null:0: Passed
test_scommand.c:85:P:Precondition:test_front_empty:0: Passed
test_scommand.c:93:P:Precondition:test_get_redir_in_null:0: Passed
test_scommand.c:99:P:Precondition:test_get_redir_out_null:0: Passed
test_scommand.c:105:P:Precondition:test_to_string_null:0: Passed
test_scommand.c:113:P:Creation:test_new_destroy:0: Passed
test_scommand.c:126:P:Creation:test_new_is_empty:0: Passed
test_scommand.c:156:P:Functionality:test_adding_emptying:0: Passed
test_scommand.c:172:P:Functionality:test_adding_emptying_length:0: Passed
test_scommand.c:207:P:Functionality:test_fifo:0: Passed
test_scommand.c:221:P:Functionality:test_front_idempotent:0: Passed
test_scommand.c:230:P:Functionality:test_front_is_back:0: Passed
test_scommand.c:239:P:Functionality:test_front_is_not_back:0: Passed
test_scommand.c:253:P:Functionality:test_redir:0: Passed
test_scommand.c:282:P:Functionality:test_independent_redirs:0: Passed
test_scommand.c:292:P:Functionality:test_to_string_empty:0: Passed
test_scommand.c:329:P:Functionality:test_to_string:0: Passed
Running suite pipeline
test_pipeline.c:16:P:Precondition:test_destroy_null:0: Passed
test_pipeline.c:23:P:Precondition:test_push_back_null:0: Passed
test_pipeline.c:31:P:Precondition:test_push_back_scmd_null:0: Passed
test_pipeline.c:39:P:Precondition:test_pop_front_null:0: Passed
test_pipeline.c:45:P:Precondition:test_pop_front_empty:0: Passed
test_pipeline.c:53:P:Precondition:test_set_wait_null:0: Passed
test_pipeline.c:59:P:Precondition:test_is_empty_null:0: Passed
test_pipeline.c:65:P:Precondition:test_length_null:0: Passed
test_pipeline.c:71:P:Precondition:test_front_null:0: Passed
test_pipeline.c:77:P:Precondition:test_front_empty:0: Passed
test_pipeline.c:85:P:Precondition:test_get_wait_null:0: Passed
test_pipeline.c:91:P:Precondition:test_to_string_null:0: Passed
test_pipeline.c:99:P:Creation:test_new_destroy:0: Passed
test_pipeline.c:133:P:Functionality:test_adding_emptying:0: Passed
test_pipeline.c:150:P:Functionality:test_adding_emptying_length:0: Passed
test_pipeline.c:169:P:Functionality:test_fifo:0: Passed
test_pipeline.c:182:P:Functionality:test_front_idempotent:0: Passed
test_pipeline.c:192:P:Functionality:test_front_is_back:0: Passed
test_pipeline.c:203:P:Functionality:test_front_is_not_back:0: Passed
test_pipeline.c:212:P:Functionality:test_wait:0: Passed
test_pipeline.c:221:F:Functionality:test_to_string_empty:0: Assertion 'strlen (str) == 0' failed
test_pipeline.c:247:F:Functionality:test_to_string:0: Assertion 'n==MAX_LENGTH-1' failed
Results for all suites run:
95%: Checks: 48, Failures: 2, Errors: 0
